Archive member included to satisfy reference by file (symbol)

/usr/local/Cellar/arm-gcc-bin/8-2019-q3-update/bin/../lib/gcc/arm-none-eabi/8.3.1/../../../../arm-none-eabi/lib/thumb/v7e-m+fp/hard/libc_nano.a(lib_a-exit.o)
                              /usr/local/Cellar/arm-gcc-bin/8-2019-q3-update/bin/../lib/gcc/arm-none-eabi/8.3.1/../../../../arm-none-eabi/lib/thumb/v7e-m+fp/hard/crt0.o (exit)
/usr/local/Cellar/arm-gcc-bin/8-2019-q3-update/bin/../lib/gcc/arm-none-eabi/8.3.1/../../../../arm-none-eabi/lib/thumb/v7e-m+fp/hard/libc_nano.a(lib_a-impure.o)
                              /usr/local/Cellar/arm-gcc-bin/8-2019-q3-update/bin/../lib/gcc/arm-none-eabi/8.3.1/../../../../arm-none-eabi/lib/thumb/v7e-m+fp/hard/libc_nano.a(lib_a-exit.o) (_global_impure_ptr)
/usr/local/Cellar/arm-gcc-bin/8-2019-q3-update/bin/../lib/gcc/arm-none-eabi/8.3.1/../../../../arm-none-eabi/lib/thumb/v7e-m+fp/hard/libc_nano.a(lib_a-init.o)
                              /usr/local/Cellar/arm-gcc-bin/8-2019-q3-update/bin/../lib/gcc/arm-none-eabi/8.3.1/../../../../arm-none-eabi/lib/thumb/v7e-m+fp/hard/crt0.o (__libc_init_array)
/usr/local/Cellar/arm-gcc-bin/8-2019-q3-update/bin/../lib/gcc/arm-none-eabi/8.3.1/../../../../arm-none-eabi/lib/thumb/v7e-m+fp/hard/libc_nano.a(lib_a-memset.o)
                              /usr/local/Cellar/arm-gcc-bin/8-2019-q3-update/bin/../lib/gcc/arm-none-eabi/8.3.1/../../../../arm-none-eabi/lib/thumb/v7e-m+fp/hard/crt0.o (memset)
/usr/local/Cellar/arm-gcc-bin/8-2019-q3-update/bin/../lib/gcc/arm-none-eabi/8.3.1/../../../../arm-none-eabi/lib/thumb/v7e-m+fp/hard/libnosys.a(_exit.o)
                              /usr/local/Cellar/arm-gcc-bin/8-2019-q3-update/bin/../lib/gcc/arm-none-eabi/8.3.1/../../../../arm-none-eabi/lib/thumb/v7e-m+fp/hard/libc_nano.a(lib_a-exit.o) (_exit)

Allocating common symbols
Common symbol       size              file

uwTick              0x4               build/stm32f3xx_hal.o
pFlash              0x20              build/stm32f3xx_hal_flash.o
htim2               0x40              build/tim.o

Discarded input sections

 .text          0x0000000000000000        0x0 /usr/local/Cellar/arm-gcc-bin/8-2019-q3-update/bin/../lib/gcc/arm-none-eabi/8.3.1/thumb/v7e-m+fp/hard/crti.o
 .data          0x0000000000000000        0x0 /usr/local/Cellar/arm-gcc-bin/8-2019-q3-update/bin/../lib/gcc/arm-none-eabi/8.3.1/thumb/v7e-m+fp/hard/crti.o
 .bss           0x0000000000000000        0x0 /usr/local/Cellar/arm-gcc-bin/8-2019-q3-update/bin/../lib/gcc/arm-none-eabi/8.3.1/thumb/v7e-m+fp/hard/crti.o
 .data          0x0000000000000000        0x4 /usr/local/Cellar/arm-gcc-bin/8-2019-q3-update/bin/../lib/gcc/arm-none-eabi/8.3.1/thumb/v7e-m+fp/hard/crtbegin.o
 .text          0x0000000000000000       0x74 /usr/local/Cellar/arm-gcc-bin/8-2019-q3-update/bin/../lib/gcc/arm-none-eabi/8.3.1/../../../../arm-none-eabi/lib/thumb/v7e-m+fp/hard/crt0.o
 .data          0x0000000000000000        0x0 /usr/local/Cellar/arm-gcc-bin/8-2019-q3-update/bin/../lib/gcc/arm-none-eabi/8.3.1/../../../../arm-none-eabi/lib/thumb/v7e-m+fp/hard/crt0.o
 .bss           0x0000000000000000        0x0 /usr/local/Cellar/arm-gcc-bin/8-2019-q3-update/bin/../lib/gcc/arm-none-eabi/8.3.1/../../../../arm-none-eabi/lib/thumb/v7e-m+fp/hard/crt0.o
 .ARM.extab     0x0000000000000000        0x0 /usr/local/Cellar/arm-gcc-bin/8-2019-q3-update/bin/../lib/gcc/arm-none-eabi/8.3.1/../../../../arm-none-eabi/lib/thumb/v7e-m+fp/hard/crt0.o
 .ARM.exidx     0x0000000000000000        0x8 /usr/local/Cellar/arm-gcc-bin/8-2019-q3-update/bin/../lib/gcc/arm-none-eabi/8.3.1/../../../../arm-none-eabi/lib/thumb/v7e-m+fp/hard/crt0.o
 .ARM.attributes
                0x0000000000000000       0x1c /usr/local/Cellar/arm-gcc-bin/8-2019-q3-update/bin/../lib/gcc/arm-none-eabi/8.3.1/../../../../arm-none-eabi/lib/thumb/v7e-m+fp/hard/crt0.o
 .text          0x0000000000000000        0x0 build/main.o
 .data          0x0000000000000000        0x0 build/main.o
 .bss           0x0000000000000000        0x0 build/main.o
 .text          0x0000000000000000        0x0 build/gpio.o
 .data          0x0000000000000000        0x0 build/gpio.o
 .bss           0x0000000000000000        0x0 build/gpio.o
 .text          0x0000000000000000        0x0 build/tim.o
 .data          0x0000000000000000        0x0 build/tim.o
 .bss           0x0000000000000000        0x0 build/tim.o
 .text.HAL_TIM_Base_MspDeInit
                0x0000000000000000       0x1c build/tim.o
 .text          0x0000000000000000        0x0 build/stm32f3xx_it.o
 .data          0x0000000000000000        0x0 build/stm32f3xx_it.o
 .bss           0x0000000000000000        0x0 build/stm32f3xx_it.o
 .text          0x0000000000000000        0x0 build/stm32f3xx_hal_msp.o
 .data          0x0000000000000000        0x0 build/stm32f3xx_hal_msp.o
 .bss           0x0000000000000000        0x0 build/stm32f3xx_hal_msp.o
 .text          0x0000000000000000        0x0 build/stm32f3xx_hal_tim.o
[...]
Memory Configuration

Name             Origin             Length             Attributes
RAM              0x0000000020000000 0x0000000000003000 xrw
CCMRAM           0x0000000010000000 0x0000000000001000 rw
FLASH            0x0000000008000000 0x0000000000008000 xr
*default*        0x0000000000000000 0xffffffffffffffff

Linker script and memory map

LOAD /usr/local/Cellar/arm-gcc-bin/8-2019-q3-update/bin/../lib/gcc/arm-none-eabi/8.3.1/thumb/v7e-m+fp/hard/crti.o
LOAD /usr/local/Cellar/arm-gcc-bin/8-2019-q3-update/bin/../lib/gcc/arm-none-eabi/8.3.1/thumb/v7e-m+fp/hard/crtbegin.o
LOAD /usr/local/Cellar/arm-gcc-bin/8-2019-q3-update/bin/../lib/gcc/arm-none-eabi/8.3.1/../../../../arm-none-eabi/lib/thumb/v7e-m+fp/hard/crt0.o
LOAD build/main.o
LOAD build/gpio.o
LOAD build/tim.o
LOAD build/stm32f3xx_it.o
LOAD build/stm32f3xx_hal_msp.o
LOAD build/stm32f3xx_hal_tim.o
LOAD build/stm32f3xx_hal_tim_ex.o
LOAD build/stm32f3xx_hal.o
LOAD build/stm32f3xx_hal_rcc.o
LOAD build/stm32f3xx_hal_rcc_ex.o
LOAD build/stm32f3xx_hal_gpio.o
LOAD build/stm32f3xx_hal_dma.o
LOAD build/stm32f3xx_hal_cortex.o
LOAD build/stm32f3xx_hal_pwr.o
LOAD build/stm32f3xx_hal_pwr_ex.o
LOAD build/stm32f3xx_hal_flash.o
LOAD build/stm32f3xx_hal_flash_ex.o
LOAD build/stm32f3xx_hal_i2c.o
LOAD build/stm32f3xx_hal_i2c_ex.o
LOAD build/system_stm32f3xx.o
LOAD build/startup_stm32f303x8.o
LOAD /usr/local/Cellar/arm-gcc-bin/8-2019-q3-update/bin/../lib/gcc/arm-none-eabi/8.3.1/../../../../arm-none-eabi/lib/thumb/v7e-m+fp/hard/libc_nano.a
LOAD /usr/local/Cellar/arm-gcc-bin/8-2019-q3-update/bin/../lib/gcc/arm-none-eabi/8.3.1/../../../../arm-none-eabi/lib/thumb/v7e-m+fp/hard/libm.a
LOAD /usr/local/Cellar/arm-gcc-bin/8-2019-q3-update/bin/../lib/gcc/arm-none-eabi/8.3.1/../../../../arm-none-eabi/lib/thumb/v7e-m+fp/hard/libnosys.a
START GROUP
LOAD /usr/local/Cellar/arm-gcc-bin/8-2019-q3-update/bin/../lib/gcc/arm-none-eabi/8.3.1/thumb/v7e-m+fp/hard/libgcc.a
LOAD /usr/local/Cellar/arm-gcc-bin/8-2019-q3-update/bin/../lib/gcc/arm-none-eabi/8.3.1/../../../../arm-none-eabi/lib/thumb/v7e-m+fp/hard/libc_nano.a
END GROUP
START GROUP
LOAD /usr/local/Cellar/arm-gcc-bin/8-2019-q3-update/bin/../lib/gcc/arm-none-eabi/8.3.1/thumb/v7e-m+fp/hard/libgcc.a
LOAD /usr/local/Cellar/arm-gcc-bin/8-2019-q3-update/bin/../lib/gcc/arm-none-eabi/8.3.1/../../../../arm-none-eabi/lib/thumb/v7e-m+fp/hard/libc_nano.a
END GROUP
LOAD /usr/local/Cellar/arm-gcc-bin/8-2019-q3-update/bin/../lib/gcc/arm-none-eabi/8.3.1/thumb/v7e-m+fp/hard/crtend.o
LOAD /usr/local/Cellar/arm-gcc-bin/8-2019-q3-update/bin/../lib/gcc/arm-none-eabi/8.3.1/thumb/v7e-m+fp/hard/crtn.o
                0x0000000020003000                _estack = 0x20003000
                0x0000000000000200                _Min_Heap_Size = 0x200
                0x0000000000000400                _Min_Stack_Size = 0x400

.isr_vector     0x0000000008000000      0x188
                0x0000000008000000                . = ALIGN (0x4)
 *(.isr_vector)
 .isr_vector    0x0000000008000000      0x188 build/startup_stm32f303x8.o
                0x0000000008000000                g_pfnVectors
                0x0000000008000188                . = ALIGN (0x4)

.text           0x0000000008000188     0x1604
                0x0000000008000188                . = ALIGN (0x4)
 *(.text)
 .text          0x0000000008000188       0x40 /usr/local/Cellar/arm-gcc-bin/8-2019-q3-update/bin/../lib/gcc/arm-none-eabi/8.3.1/thumb/v7e-m+fp/hard/crtbegin.o
 *(.text*)
 .text.SystemClock_Config
                0x00000000080001c8       0x46 build/main.o
                0x00000000080001c8                SystemClock_Config
 .text.main     0x000000000800020e       0x38 build/main.o
                0x000000000800020e                main
 .text.Error_Handler
                0x0000000008000246        0x2 build/main.o
                0x0000000008000246                Error_Handler
 .text.MX_GPIO_Init
                0x0000000008000248       0xc8 build/gpio.o
                0x0000000008000248                MX_GPIO_Init
 .text.HAL_TIM_Base_MspInit
                0x0000000008000310       0x26 build/tim.o
                0x0000000008000310                HAL_TIM_Base_MspInit
 .text.HAL_TIM_MspPostInit
                0x0000000008000336       0x4c build/tim.o
                0x0000000008000336                HAL_TIM_MspPostInit
 *fill*         0x0000000008000382        0x2 
 .text.MX_TIM2_Init
                0x0000000008000384       0xac build/tim.o
                0x0000000008000384                MX_TIM2_Init
 .text.NMI_Handler
                0x0000000008000430        0x2 build/stm32f3xx_it.o
                0x0000000008000430                NMI_Handler
 .text.HardFault_Handler
                0x0000000008000432        0x2 build/stm32f3xx_it.o
                0x0000000008000432                HardFault_Handler
 .text.MemManage_Handler
                0x0000000008000434        0x2 build/stm32f3xx_it.o
                0x0000000008000434                MemManage_Handler
 .text.BusFault_Handler
                0x0000000008000436        0x2 build/stm32f3xx_it.o
                0x0000000008000436                BusFault_Handler
 .text.UsageFault_Handler
                0x0000000008000438        0x2 build/stm32f3xx_it.o
                0x0000000008000438                UsageFault_Handler
 .text.SVC_Handler
                0x000000000800043a        0x2 build/stm32f3xx_it.o
                0x000000000800043a                SVC_Handler
 .text.DebugMon_Handler
                0x000000000800043c        0x2 build/stm32f3xx_it.o
                0x000000000800043c                DebugMon_Handler
 .text.PendSV_Handler
                0x000000000800043e        0x2 build/stm32f3xx_it.o
                0x000000000800043e                PendSV_Handler
 .text.SysTick_Handler
                0x0000000008000440        0x8 build/stm32f3xx_it.o
                0x0000000008000440                SysTick_Handler
 .text.HAL_MspInit
                0x0000000008000448       0x30 build/stm32f3xx_hal_msp.o
                0x0000000008000448                HAL_MspInit
 .text.TIM_TI1_ConfigInputStage
                0x0000000008000478       0x26 build/stm32f3xx_hal_tim.o
 .text.TIM_TI2_ConfigInputStage
                0x000000000800049e       0x28 build/stm32f3xx_hal_tim.o
 .text.TIM_ITRx_SetConfig
                0x00000000080004c6       0x10 build/stm32f3xx_hal_tim.o
 .text.HAL_TIM_PWM_MspInit
                0x00000000080004d6        0x2 build/stm32f3xx_hal_tim.o
                0x00000000080004d6                HAL_TIM_PWM_MspInit
 .text.TIM_Base_SetConfig
                0x00000000080004d8       0x90 build/stm32f3xx_hal_tim.o
                0x00000000080004d8                TIM_Base_SetConfig
 .text.HAL_TIM_Base_Init
                0x0000000008000568       0x34 build/stm32f3xx_hal_tim.o
                0x0000000008000568                HAL_TIM_Base_Init
 .text.HAL_TIM_PWM_Init
                0x000000000800059c       0x34 build/stm32f3xx_hal_tim.o
                0x000000000800059c                HAL_TIM_PWM_Init
 .text.TIM_OC1_SetConfig
                0x00000000080005d0       0x8c build/stm32f3xx_hal_tim.o
                0x00000000080005d0                TIM_OC1_SetConfig
 .text.TIM_OC2_SetConfig
                0x000000000800065c       0x80 build/stm32f3xx_hal_tim.o
                0x000000000800065c                TIM_OC2_SetConfig
 .text.TIM_OC3_SetConfig
                0x00000000080006dc       0x7c build/stm32f3xx_hal_tim.o
                0x00000000080006dc                TIM_OC3_SetConfig
 .text.TIM_OC4_SetConfig
                0x0000000008000758       0x64 build/stm32f3xx_hal_tim.o
                0x0000000008000758                TIM_OC4_SetConfig
 .text.TIM_ETR_SetConfig
                0x00000000080007bc       0x18 build/stm32f3xx_hal_tim.o
                0x00000000080007bc                TIM_ETR_SetConfig
 .text.HAL_TIM_ConfigClockSource
                0x00000000080007d4      0x118 build/stm32f3xx_hal_tim.o
                0x00000000080007d4                HAL_TIM_ConfigClockSource
 .text.TIM_OC5_SetConfig
                0x00000000080008ec       0x60 build/stm32f3xx_hal_tim_ex.o
 .text.TIM_OC6_SetConfig
                0x000000000800094c       0x64 build/stm32f3xx_hal_tim_ex.o
 .text.HAL_TIM_PWM_ConfigChannel
                0x00000000080009b0      0x134 build/stm32f3xx_hal_tim_ex.o
                0x00000000080009b0                HAL_TIM_PWM_ConfigChannel
 .text.HAL_TIMEx_MasterConfigSynchronization
                0x0000000008000ae4       0x50 build/stm32f3xx_hal_tim_ex.o
                0x0000000008000ae4                HAL_TIMEx_MasterConfigSynchronization
 .text.HAL_InitTick
                0x0000000008000b34       0x4c build/stm32f3xx_hal.o
                0x0000000008000b34                HAL_InitTick
 .text.HAL_Init
                0x0000000008000b80       0x24 build/stm32f3xx_hal.o
                0x0000000008000b80                HAL_Init
 .text.HAL_IncTick
                0x0000000008000ba4       0x18 build/stm32f3xx_hal.o
                0x0000000008000ba4                HAL_IncTick
 .text.HAL_GetTick
                0x0000000008000bbc        0xc build/stm32f3xx_hal.o
                0x0000000008000bbc                HAL_GetTick
 .text.HAL_Delay
                0x0000000008000bc8       0x28 build/stm32f3xx_hal.o
                0x0000000008000bc8                HAL_Delay
 .text.HAL_RCC_OscConfig
                0x0000000008000bf0      0x608 build/stm32f3xx_hal_rcc.o
                0x0000000008000bf0                HAL_RCC_OscConfig
 .text.HAL_RCC_GetSysClockFreq
                0x00000000080011f8       0x7c build/stm32f3xx_hal_rcc.o
                0x00000000080011f8                HAL_RCC_GetSysClockFreq
 .text.HAL_RCC_ClockConfig
                0x0000000008001274      0x1a0 build/stm32f3xx_hal_rcc.o
                0x0000000008001274                HAL_RCC_ClockConfig
 .text.HAL_GPIO_Init
                0x0000000008001414      0x188 build/stm32f3xx_hal_gpio.o
                0x0000000008001414                HAL_GPIO_Init
 .text.HAL_GPIO_WritePin
                0x000000000800159c        0xa build/stm32f3xx_hal_gpio.o
                0x000000000800159c                HAL_GPIO_WritePin
 *fill*         0x00000000080015a6        0x2 
 .text.HAL_NVIC_SetPriorityGrouping
                0x00000000080015a8       0x24 build/stm32f3xx_hal_cortex.o
                0x00000000080015a8                HAL_NVIC_SetPriorityGrouping
 .text.HAL_NVIC_SetPriority
                0x00000000080015cc       0x68 build/stm32f3xx_hal_cortex.o
                0x00000000080015cc                HAL_NVIC_SetPriority
 .text.HAL_SYSTICK_Config
                0x0000000008001634       0x2c build/stm32f3xx_hal_cortex.o
                0x0000000008001634                HAL_SYSTICK_Config
 .text.SystemInit
                0x0000000008001660       0x68 build/system_stm32f3xx.o
                0x0000000008001660                SystemInit
 .text.Reset_Handler
                0x00000000080016c8       0x50 build/startup_stm32f303x8.o
                0x00000000080016c8                Reset_Handler
 .text.Default_Handler
                0x0000000008001718        0x2 build/startup_stm32f303x8.o
                0x0000000008001718                TIM1_BRK_TIM15_IRQHandler
                0x0000000008001718                TIM1_CC_IRQHandler
                0x0000000008001718                PVD_IRQHandler
                0x0000000008001718                TAMP_STAMP_IRQHandler
                0x0000000008001718                EXTI3_IRQHandler
                0x0000000008001718                EXTI0_IRQHandler
                0x0000000008001718                FPU_IRQHandler
                0x0000000008001718                CAN_TX_IRQHandler
                0x0000000008001718                TIM1_UP_TIM16_IRQHandler
                0x0000000008001718                ADC1_2_IRQHandler
                0x0000000008001718                SPI1_IRQHandler
                0x0000000008001718                CAN_SCE_IRQHandler
                0x0000000008001718                DMA1_Channel4_IRQHandler
                0x0000000008001718                USART3_IRQHandler
                0x0000000008001718                DMA1_Channel7_IRQHandler
                0x0000000008001718                TIM7_DAC2_IRQHandler
                0x0000000008001718                CAN_RX1_IRQHandler
                0x0000000008001718                I2C1_EV_IRQHandler
                0x0000000008001718                DMA1_Channel6_IRQHandler
                0x0000000008001718                TIM3_IRQHandler
                0x0000000008001718                RCC_IRQHandler
                0x0000000008001718                DMA1_Channel1_IRQHandler
                0x0000000008001718                Default_Handler
                0x0000000008001718                EXTI15_10_IRQHandler
                0x0000000008001718                COMP2_IRQHandler
                0x0000000008001718                TIM6_DAC1_IRQHandler
                0x0000000008001718                EXTI9_5_IRQHandler
                0x0000000008001718                RTC_WKUP_IRQHandler
                0x0000000008001718                DMA1_Channel5_IRQHandler
                0x0000000008001718                EXTI4_IRQHandler
                0x0000000008001718                TIM1_TRG_COM_TIM17_IRQHandler
                0x0000000008001718                DMA1_Channel3_IRQHandler
                0x0000000008001718                WWDG_IRQHandler
                0x0000000008001718                TIM2_IRQHandler
                0x0000000008001718                EXTI1_IRQHandler
                0x0000000008001718                COMP4_6_IRQHandler
                0x0000000008001718                USART2_IRQHandler
                0x0000000008001718                DMA1_Channel2_IRQHandler
                0x0000000008001718                FLASH_IRQHandler
                0x0000000008001718                USART1_IRQHandler
                0x0000000008001718                CAN_RX0_IRQHandler
                0x0000000008001718                I2C1_ER_IRQHandler
                0x0000000008001718                EXTI2_TSC_IRQHandler
                0x0000000008001718                RTC_Alarm_IRQHandler
 *fill*         0x000000000800171a        0x2 
 .text.__libc_init_array
                0x000000000800171c       0x48 /usr/local/Cellar/arm-gcc-bin/8-2019-q3-update/bin/../lib/gcc/arm-none-eabi/8.3.1/../../../../arm-none-eabi/lib/thumb/v7e-m+fp/hard/libc_nano.a(lib_a-init.o)
                0x000000000800171c                __libc_init_array
 .text.memset   0x0000000008001764       0x10 /usr/local/Cellar/arm-gcc-bin/8-2019-q3-update/bin/../lib/gcc/arm-none-eabi/8.3.1/../../../../arm-none-eabi/lib/thumb/v7e-m+fp/hard/libc_nano.a(lib_a-memset.o)
                0x0000000008001764                memset
 *(.glue_7)
 .glue_7        0x0000000008001774        0x0 linker stubs
 *(.glue_7t)
 .glue_7t       0x0000000008001774        0x0 linker stubs
 *(.eh_frame)
 .eh_frame      0x0000000008001774        0x0 /usr/local/Cellar/arm-gcc-bin/8-2019-q3-update/bin/../lib/gcc/arm-none-eabi/8.3.1/thumb/v7e-m+fp/hard/crtbegin.o
 *(.init)
 .init          0x0000000008001774        0x4 /usr/local/Cellar/arm-gcc-bin/8-2019-q3-update/bin/../lib/gcc/arm-none-eabi/8.3.1/thumb/v7e-m+fp/hard/crti.o
                0x0000000008001774                _init
 .init          0x0000000008001778        0x8 /usr/local/Cellar/arm-gcc-bin/8-2019-q3-update/bin/../lib/gcc/arm-none-eabi/8.3.1/thumb/v7e-m+fp/hard/crtn.o
 *(.fini)
 .fini          0x0000000008001780        0x4 /usr/local/Cellar/arm-gcc-bin/8-2019-q3-update/bin/../lib/gcc/arm-none-eabi/8.3.1/thumb/v7e-m+fp/hard/crti.o
                0x0000000008001780                _fini
 .fini          0x0000000008001784        0x8 /usr/local/Cellar/arm-gcc-bin/8-2019-q3-update/bin/../lib/gcc/arm-none-eabi/8.3.1/thumb/v7e-m+fp/hard/crtn.o
                0x000000000800178c                . = ALIGN (0x4)
                0x000000000800178c                _etext = .

.vfp11_veneer   0x000000000800178c        0x0
 .vfp11_veneer  0x000000000800178c        0x0 linker stubs

.v4_bx          0x000000000800178c        0x0
 .v4_bx         0x000000000800178c        0x0 linker stubs

.iplt           0x000000000800178c        0x0
 .iplt          0x000000000800178c        0x0 /usr/local/Cellar/arm-gcc-bin/8-2019-q3-update/bin/../lib/gcc/arm-none-eabi/8.3.1/thumb/v7e-m+fp/hard/crtbegin.o

.rodata         0x000000000800178c       0x30
                0x000000000800178c                . = ALIGN (0x4)
 *(.rodata)
 *(.rodata*)
 .rodata.aPLLMULFactorTable
                0x000000000800178c       0x10 build/stm32f3xx_hal_rcc.o
                0x000000000800178c                aPLLMULFactorTable
 .rodata.aPredivFactorTable
                0x000000000800179c       0x10 build/stm32f3xx_hal_rcc.o
                0x000000000800179c                aPredivFactorTable
 .rodata.AHBPrescTable
                0x00000000080017ac       0x10 build/system_stm32f3xx.o
                0x00000000080017ac                AHBPrescTable
                0x00000000080017bc                . = ALIGN (0x4)

.rel.dyn        0x00000000080017bc        0x0
 .rel.iplt      0x00000000080017bc        0x0 /usr/local/Cellar/arm-gcc-bin/8-2019-q3-update/bin/../lib/gcc/arm-none-eabi/8.3.1/thumb/v7e-m+fp/hard/crtbegin.o

.ARM.extab
 *(.ARM.extab* .gnu.linkonce.armextab.*)

.ARM            0x00000000080017bc        0x0
                0x00000000080017bc                __exidx_start = .
 *(.ARM.exidx*)
                0x00000000080017bc                __exidx_end = .

.preinit_array  0x00000000080017bc        0x0
                0x00000000080017bc                PROVIDE (__preinit_array_start = .)
 *(.preinit_array*)
                0x00000000080017bc                PROVIDE (__preinit_array_end = .)

.init_array     0x00000000080017bc        0x4
                0x00000000080017bc                PROVIDE (__init_array_start = .)
 *(SORT_BY_NAME(.init_array.*))
 *(.init_array*)
 .init_array    0x00000000080017bc        0x4 /usr/local/Cellar/arm-gcc-bin/8-2019-q3-update/bin/../lib/gcc/arm-none-eabi/8.3.1/thumb/v7e-m+fp/hard/crtbegin.o
                0x00000000080017c0                PROVIDE (__init_array_end = .)

.fini_array     0x00000000080017c0        0x4
                [!provide]                        PROVIDE (__fini_array_start = .)
 *(SORT_BY_NAME(.fini_array.*))
 *(.fini_array*)
 .fini_array    0x00000000080017c0        0x4 /usr/local/Cellar/arm-gcc-bin/8-2019-q3-update/bin/../lib/gcc/arm-none-eabi/8.3.1/thumb/v7e-m+fp/hard/crtbegin.o
                [!provide]                        PROVIDE (__fini_array_end = .)
                0x00000000080017c4                _sidata = LOADADDR (.data)

.data           0x0000000020000000        0xc load address 0x00000000080017c4
                0x0000000020000000                . = ALIGN (0x4)
                0x0000000020000000                _sdata = .
 *(.data)
 *(.data*)
 .data.uwTickFreq
                0x0000000020000000        0x1 build/stm32f3xx_hal.o
                0x0000000020000000                uwTickFreq
 *fill*         0x0000000020000001        0x3 
 .data.uwTickPrio
                0x0000000020000004        0x4 build/stm32f3xx_hal.o
                0x0000000020000004                uwTickPrio
 .data.SystemCoreClock
                0x0000000020000008        0x4 build/system_stm32f3xx.o
                0x0000000020000008                SystemCoreClock
                0x000000002000000c                . = ALIGN (0x4)
                0x000000002000000c                _edata = .
                0x00000000080017d0                _siccmram = LOADADDR (.ccmram)

.igot.plt       0x000000002000000c        0x0 load address 0x00000000080017d0
 .igot.plt      0x000000002000000c        0x0 /usr/local/Cellar/arm-gcc-bin/8-2019-q3-update/bin/../lib/gcc/arm-none-eabi/8.3.1/thumb/v7e-m+fp/hard/crtbegin.o

.ccmram         0x0000000010000000        0x0 load address 0x00000000080017d0
                0x0000000010000000                . = ALIGN (0x4)
                0x0000000010000000                _sccmram = .
 *(.ccmram)
 *(.ccmram*)
                0x0000000010000000                . = ALIGN (0x4)
                0x0000000010000000                _eccmram = .
                0x0000000010000000                . = ALIGN (0x4)

.bss            0x000000002000000c       0x60
                0x000000002000000c                _sbss = .
                0x000000002000000c                __bss_start__ = _sbss
 *(.bss)
 .bss           0x000000002000000c       0x1c /usr/local/Cellar/arm-gcc-bin/8-2019-q3-update/bin/../lib/gcc/arm-none-eabi/8.3.1/thumb/v7e-m+fp/hard/crtbegin.o
 *(.bss*)
 *(COMMON)
 COMMON         0x0000000020000028       0x40 build/tim.o
                0x0000000020000028                htim2
 COMMON         0x0000000020000068        0x4 build/stm32f3xx_hal.o
                0x0000000020000068                uwTick
                0x000000002000006c                . = ALIGN (0x4)
                0x000000002000006c                _ebss = .
                0x000000002000006c                __bss_end__ = _ebss

._user_heap_stack
                0x000000002000006c      0x604
                0x0000000020000070                . = ALIGN (0x8)
 *fill*         0x000000002000006c        0x4 
                [!provide]                        PROVIDE (end = .)
                [!provide]                        PROVIDE (_end = .)
                0x0000000020000270                . = (. + _Min_Heap_Size)
 *fill*         0x0000000020000070      0x200 
                0x0000000020000670                . = (. + _Min_Stack_Size)
 *fill*         0x0000000020000270      0x400 
                0x0000000020000670                . = ALIGN (0x8)

/DISCARD/
 libc.a(*)
 libm.a(*)
 libgcc.a(*)

.ARM.attributes
                0x0000000000000000       0x30
 *(.ARM.attributes)
 .ARM.attributes
                0x0000000000000000       0x1e /usr/local/Cellar/arm-gcc-bin/8-2019-q3-update/bin/../lib/gcc/arm-none-eabi/8.3.1/thumb/v7e-m+fp/hard/crti.o
 .ARM.attributes
                0x000000000000001e       0x34 /usr/local/Cellar/arm-gcc-bin/8-2019-q3-update/bin/../lib/gcc/arm-none-eabi/8.3.1/thumb/v7e-m+fp/hard/crtbegin.o
 .ARM.attributes
                0x0000000000000052       0x34 build/main.o
 .ARM.attributes
                0x0000000000000086       0x34 build/gpio.o
 .ARM.attributes
                0x00000000000000ba       0x34 build/tim.o
 .ARM.attributes
                0x00000000000000ee       0x34 build/stm32f3xx_it.o
 .ARM.attributes
                0x0000000000000122       0x34 build/stm32f3xx_hal_msp.o
 .ARM.attributes
                0x0000000000000156       0x34 build/stm32f3xx_hal_tim.o
 .ARM.attributes
                0x000000000000018a       0x34 build/stm32f3xx_hal_tim_ex.o
 .ARM.attributes
                0x00000000000001be       0x34 build/stm32f3xx_hal.o
 .ARM.attributes
                0x00000000000001f2       0x34 build/stm32f3xx_hal_rcc.o
 .ARM.attributes
                0x0000000000000226       0x34 build/stm32f3xx_hal_gpio.o
 .ARM.attributes
                0x000000000000025a       0x34 build/stm32f3xx_hal_cortex.o
 .ARM.attributes
                0x000000000000028e       0x34 build/system_stm32f3xx.o
 .ARM.attributes
                0x00000000000002c2       0x21 build/startup_stm32f303x8.o
 .ARM.attributes
                0x00000000000002e3       0x34 /usr/local/Cellar/arm-gcc-bin/8-2019-q3-update/bin/../lib/gcc/arm-none-eabi/8.3.1/../../../../arm-none-eabi/lib/thumb/v7e-m+fp/hard/libc_nano.a(lib_a-init.o)
 .ARM.attributes
                0x0000000000000317       0x34 /usr/local/Cellar/arm-gcc-bin/8-2019-q3-update/bin/../lib/gcc/arm-none-eabi/8.3.1/../../../../arm-none-eabi/lib/thumb/v7e-m+fp/hard/libc_nano.a(lib_a-memset.o)
 .ARM.attributes
                0x000000000000034b       0x1e /usr/local/Cellar/arm-gcc-bin/8-2019-q3-update/bin/../lib/gcc/arm-none-eabi/8.3.1/thumb/v7e-m+fp/hard/crtn.o
OUTPUT(build/PowerBoard.elf elf32-littlearm)

.debug_info     0x0000000000000000    0x12793
 .debug_info    0x0000000000000000     0x14b5 build/main.o
 .debug_info    0x00000000000014b5      0xea4 build/gpio.o
 .debug_info    0x0000000000002359     0x166b build/tim.o
 .debug_info    0x00000000000039c4      0xbf7 build/stm32f3xx_it.o
 .debug_info    0x00000000000045bb      0xc48 build/stm32f3xx_hal_msp.o
 .debug_info    0x0000000000005203     0x41b9 build/stm32f3xx_hal_tim.o
 .debug_info    0x00000000000093bc     0x245a build/stm32f3xx_hal_tim_ex.o
 .debug_info    0x000000000000b816     0x12a4 build/stm32f3xx_hal.o
 .debug_info    0x000000000000caba     0x2306 build/stm32f3xx_hal_rcc.o
 .debug_info    0x000000000000edc0     0x12aa build/stm32f3xx_hal_gpio.o
 .debug_info    0x000000000001006a     0x187c build/stm32f3xx_hal_cortex.o
 .debug_info    0x00000000000118e6      0xe8b build/system_stm32f3xx.o
 .debug_info    0x0000000000012771       0x22 build/startup_stm32f303x8.o

.debug_abbrev   0x0000000000000000     0x22e2
 .debug_abbrev  0x0000000000000000      0x2aa build/main.o
 .debug_abbrev  0x00000000000002aa      0x239 build/gpio.o
 .debug_abbrev  0x00000000000004e3      0x2c4 build/tim.o
 .debug_abbrev  0x00000000000007a7      0x20d build/stm32f3xx_it.o
 .debug_abbrev  0x00000000000009b4      0x208 build/stm32f3xx_hal_msp.o
 .debug_abbrev  0x0000000000000bbc      0x360 build/stm32f3xx_hal_tim.o
 .debug_abbrev  0x0000000000000f1c      0x346 build/stm32f3xx_hal_tim_ex.o
 .debug_abbrev  0x0000000000001262      0x308 build/stm32f3xx_hal.o
 .debug_abbrev  0x000000000000156a      0x3eb build/stm32f3xx_hal_rcc.o
 .debug_abbrev  0x0000000000001955      0x30a build/stm32f3xx_hal_gpio.o
 .debug_abbrev  0x0000000000001c5f      0x43b build/stm32f3xx_hal_cortex.o
 .debug_abbrev  0x000000000000209a      0x236 build/system_stm32f3xx.o
 .debug_abbrev  0x00000000000022d0       0x12 build/startup_stm32f303x8.o

.debug_loc      0x0000000000000000     0x8af2
 .debug_loc     0x0000000000000000       0x59 build/main.o
 .debug_loc     0x0000000000000059       0x38 build/gpio.o
 .debug_loc     0x0000000000000091       0xf8 build/tim.o
 .debug_loc     0x0000000000000189       0x20 build/stm32f3xx_it.o
 .debug_loc     0x00000000000001a9       0x2c build/stm32f3xx_hal_msp.o
 .debug_loc     0x00000000000001d5     0x49d2 build/stm32f3xx_hal_tim.o
 .debug_loc     0x0000000000004ba7     0x20f3 build/stm32f3xx_hal_tim_ex.o
 .debug_loc     0x0000000000006c9a      0x1cc build/stm32f3xx_hal.o
 .debug_loc     0x0000000000006e66      0xf3b build/stm32f3xx_hal_rcc.o
 .debug_loc     0x0000000000007da1      0x4c3 build/stm32f3xx_hal_gpio.o
 .debug_loc     0x0000000000008264      0x76b build/stm32f3xx_hal_cortex.o
 .debug_loc     0x00000000000089cf      0x123 build/system_stm32f3xx.o

.debug_aranges  0x0000000000000000      0x898
 .debug_aranges
                0x0000000000000000       0x30 build/main.o
 .debug_aranges
                0x0000000000000030       0x20 build/gpio.o
 .debug_aranges
                0x0000000000000050       0x38 build/tim.o
 .debug_aranges
                0x0000000000000088       0x60 build/stm32f3xx_it.o
 .debug_aranges
                0x00000000000000e8       0x20 build/stm32f3xx_hal_msp.o
 .debug_aranges
                0x0000000000000108      0x378 build/stm32f3xx_hal_tim.o
 .debug_aranges
                0x0000000000000480      0x178 build/stm32f3xx_hal_tim_ex.o
 .debug_aranges
                0x00000000000005f8       0xe0 build/stm32f3xx_hal.o
 .debug_aranges
                0x00000000000006d8       0x88 build/stm32f3xx_hal_rcc.o
 .debug_aranges
                0x0000000000000760       0x58 build/stm32f3xx_hal_gpio.o
 .debug_aranges
                0x00000000000007b8       0x90 build/stm32f3xx_hal_cortex.o
 .debug_aranges
                0x0000000000000848       0x28 build/system_stm32f3xx.o
 .debug_aranges
                0x0000000000000870       0x28 build/startup_stm32f303x8.o

.debug_ranges   0x0000000000000000      0x838
 .debug_ranges  0x0000000000000000       0x20 build/main.o
 .debug_ranges  0x0000000000000020       0x10 build/gpio.o
 .debug_ranges  0x0000000000000030       0x28 build/tim.o
 .debug_ranges  0x0000000000000058       0x50 build/stm32f3xx_it.o
 .debug_ranges  0x00000000000000a8       0x10 build/stm32f3xx_hal_msp.o
 .debug_ranges  0x00000000000000b8      0x368 build/stm32f3xx_hal_tim.o
 .debug_ranges  0x0000000000000420      0x168 build/stm32f3xx_hal_tim_ex.o
 .debug_ranges  0x0000000000000588       0xd0 build/stm32f3xx_hal.o
 .debug_ranges  0x0000000000000658       0x98 build/stm32f3xx_hal_rcc.o
 .debug_ranges  0x00000000000006f0       0x48 build/stm32f3xx_hal_gpio.o
 .debug_ranges  0x0000000000000738       0xc8 build/stm32f3xx_hal_cortex.o
 .debug_ranges  0x0000000000000800       0x18 build/system_stm32f3xx.o
 .debug_ranges  0x0000000000000818       0x20 build/startup_stm32f303x8.o

.debug_line     0x0000000000000000     0x7ca6
 .debug_line    0x0000000000000000      0x369 build/main.o
 .debug_line    0x0000000000000369      0x2c8 build/gpio.o
 .debug_line    0x0000000000000631      0x425 build/tim.o
 .debug_line    0x0000000000000a56      0x2e4 build/stm32f3xx_it.o
 .debug_line    0x0000000000000d3a      0x23f build/stm32f3xx_hal_msp.o
 .debug_line    0x0000000000000f79     0x2fba build/stm32f3xx_hal_tim.o
 .debug_line    0x0000000000003f33     0x1519 build/stm32f3xx_hal_tim_ex.o
 .debug_line    0x000000000000544c      0x578 build/stm32f3xx_hal.o
 .debug_line    0x00000000000059c4     0x119c build/stm32f3xx_hal_rcc.o
 .debug_line    0x0000000000006b60      0x735 build/stm32f3xx_hal_gpio.o
 .debug_line    0x0000000000007295      0x66e build/stm32f3xx_hal_cortex.o
 .debug_line    0x0000000000007903      0x32f build/system_stm32f3xx.o
 .debug_line    0x0000000000007c32       0x74 build/startup_stm32f303x8.o

.debug_str      0x0000000000000000     0x2d28
 .debug_str     0x0000000000000000      0xb9d build/main.o
                                        0xc5b (size before relaxing)
 .debug_str     0x0000000000000b9d       0xae build/gpio.o
                                        0x77c (size before relaxing)
 .debug_str     0x0000000000000c4b      0x1fc build/tim.o
                                        0xd3d (size before relaxing)
 .debug_str     0x0000000000000e47       0xb4 build/stm32f3xx_it.o
                                        0x6fc (size before relaxing)
 .debug_str     0x0000000000000efb       0x29 build/stm32f3xx_hal_msp.o
                                        0x6cb (size before relaxing)
 .debug_str     0x0000000000000f24      0xcb1 build/stm32f3xx_hal_tim.o
                                       0x1870 (size before relaxing)
 .debug_str     0x0000000000001bd5      0x513 build/stm32f3xx_hal_tim_ex.o
                                       0x12a3 (size before relaxing)
 .debug_str     0x00000000000020e8      0x568 build/stm32f3xx_hal.o
                                        0xc7d (size before relaxing)
 .debug_str     0x0000000000002650      0x1dc build/stm32f3xx_hal_rcc.o
                                        0xad3 (size before relaxing)
 .debug_str     0x000000000000282c      0x1c6 build/stm32f3xx_hal_gpio.o
                                        0x966 (size before relaxing)
 .debug_str     0x00000000000029f2      0x2b6 build/stm32f3xx_hal_cortex.o
                                        0xd6e (size before relaxing)
 .debug_str     0x0000000000002ca8       0x5c build/system_stm32f3xx.o
                                        0x755 (size before relaxing)
 .debug_str     0x0000000000002d04       0x24 build/startup_stm32f303x8.o
                                         0x46 (size before relaxing)

.comment        0x0000000000000000       0x76
 .comment       0x0000000000000000       0x76 build/main.o
                                         0x77 (size before relaxing)
 .comment       0x0000000000000076       0x77 build/gpio.o
 .comment       0x0000000000000076       0x77 build/tim.o
 .comment       0x0000000000000076       0x77 build/stm32f3xx_it.o
 .comment       0x0000000000000076       0x77 build/stm32f3xx_hal_msp.o
 .comment       0x0000000000000076       0x77 build/stm32f3xx_hal_tim.o
 .comment       0x0000000000000076       0x77 build/stm32f3xx_hal_tim_ex.o
 .comment       0x0000000000000076       0x77 build/stm32f3xx_hal.o
 .comment       0x0000000000000076       0x77 build/stm32f3xx_hal_rcc.o
 .comment       0x0000000000000076       0x77 build/stm32f3xx_hal_gpio.o
 .comment       0x0000000000000076       0x77 build/stm32f3xx_hal_cortex.o
 .comment       0x0000000000000076       0x77 build/system_stm32f3xx.o

.debug_frame    0x0000000000000000     0x1870
 .debug_frame   0x0000000000000000       0x60 build/main.o
 .debug_frame   0x0000000000000060       0x34 build/gpio.o
 .debug_frame   0x0000000000000094       0x7c build/tim.o
 .debug_frame   0x0000000000000110       0xac build/stm32f3xx_it.o
 .debug_frame   0x00000000000001bc       0x28 build/stm32f3xx_hal_msp.o
 .debug_frame   0x00000000000001e4      0xb58 build/stm32f3xx_hal_tim.o
 .debug_frame   0x0000000000000d3c      0x4f0 build/stm32f3xx_hal_tim_ex.o
 .debug_frame   0x000000000000122c      0x1e0 build/stm32f3xx_hal.o
 .debug_frame   0x000000000000140c      0x1a0 build/stm32f3xx_hal_rcc.o
 .debug_frame   0x00000000000015ac      0x10c build/stm32f3xx_hal_gpio.o
 .debug_frame   0x00000000000016b8      0x13c build/stm32f3xx_hal_cortex.o
 .debug_frame   0x00000000000017f4       0x30 build/system_stm32f3xx.o
 .debug_frame   0x0000000000001824       0x2c /usr/local/Cellar/arm-gcc-bin/8-2019-q3-update/bin/../lib/gcc/arm-none-eabi/8.3.1/../../../../arm-none-eabi/lib/thumb/v7e-m+fp/hard/libc_nano.a(lib_a-init.o)
 .debug_frame   0x0000000000001850       0x20 /usr/local/Cellar/arm-gcc-bin/8-2019-q3-update/bin/../lib/gcc/arm-none-eabi/8.3.1/../../../../arm-none-eabi/lib/thumb/v7e-m+fp/hard/libc_nano.a(lib_a-memset.o)

Cross Reference Table

Symbol                                            File
ADC1_2_IRQHandler                                 build/startup_stm32f303x8.o
AHBPrescTable                                     build/system_stm32f3xx.o
                                                  build/stm32f3xx_hal_rcc.o
APBPrescTable                                     build/system_stm32f3xx.o
                                                  build/stm32f3xx_hal_rcc.o
BusFault_Handler                                  build/stm32f3xx_it.o
CAN_RX0_IRQHandler                                build/startup_stm32f303x8.o
CAN_RX1_IRQHandler                                build/startup_stm32f303x8.o
CAN_SCE_IRQHandler                                build/startup_stm32f303x8.o
CAN_TX_IRQHandler                                 build/startup_stm32f303x8.o
COMP2_IRQHandler                                  build/startup_stm32f303x8.o
COMP4_6_IRQHandler                                build/startup_stm32f303x8.o
DMA1_Channel1_IRQHandler                          build/startup_stm32f303x8.o
DMA1_Channel2_IRQHandler                          build/startup_stm32f303x8.o
DMA1_Channel3_IRQHandler                          build/startup_stm32f303x8.o
DMA1_Channel4_IRQHandler                          build/startup_stm32f303x8.o
DMA1_Channel5_IRQHandler                          build/startup_stm32f303x8.o
DMA1_Channel6_IRQHandler                          build/startup_stm32f303x8.o
DMA1_Channel7_IRQHandler                          build/startup_stm32f303x8.o
DebugMon_Handler                                  build/stm32f3xx_it.o
Default_Handler                                   build/startup_stm32f303x8.o
EXTI0_IRQHandler                                  build/startup_stm32f303x8.o
EXTI15_10_IRQHandler                              build/startup_stm32f303x8.o
EXTI1_IRQHandler                                  build/startup_stm32f303x8.o
EXTI2_TSC_IRQHandler                              build/startup_stm32f303x8.o
EXTI3_IRQHandler                                  build/startup_stm32f303x8.o
EXTI4_IRQHandler                                  build/startup_stm32f303x8.o
EXTI9_5_IRQHandler                                build/startup_stm32f303x8.o
Error_Handler                                     build/main.o
                                                  build/tim.o
FLASH_IRQHandler                                  build/startup_stm32f303x8.o
FLASH_PageErase                                   build/stm32f3xx_hal_flash_ex.o
                                                  build/stm32f3xx_hal_flash.o
FLASH_WaitForLastOperation                        build/stm32f3xx_hal_flash.o
                                                  build/stm32f3xx_hal_flash_ex.o
FPU_IRQHandler                                    build/startup_stm32f303x8.o
HAL_DBGMCU_DisableDBGSleepMode                    build/stm32f3xx_hal.o
HAL_DBGMCU_DisableDBGStandbyMode                  build/stm32f3xx_hal.o
HAL_DBGMCU_DisableDBGStopMode                     build/stm32f3xx_hal.o
HAL_DBGMCU_EnableDBGSleepMode                     build/stm32f3xx_hal.o
HAL_DBGMCU_EnableDBGStandbyMode                   build/stm32f3xx_hal.o
HAL_DBGMCU_EnableDBGStopMode                      build/stm32f3xx_hal.o
HAL_DMA_Abort                                     build/stm32f3xx_hal_dma.o
                                                  build/stm32f3xx_hal_tim.o
HAL_DMA_Abort_IT                                  build/stm32f3xx_hal_dma.o
                                                  build/stm32f3xx_hal_i2c.o
HAL_DMA_DeInit                                    build/stm32f3xx_hal_dma.o
HAL_DMA_GetError                                  build/stm32f3xx_hal_dma.o
HAL_DMA_GetState                                  build/stm32f3xx_hal_dma.o
HAL_DMA_IRQHandler                                build/stm32f3xx_hal_dma.o
HAL_DMA_Init                                      build/stm32f3xx_hal_dma.o
HAL_DMA_PollForTransfer                           build/stm32f3xx_hal_dma.o
HAL_DMA_RegisterCallback                          build/stm32f3xx_hal_dma.o
HAL_DMA_Start                                     build/stm32f3xx_hal_dma.o
HAL_DMA_Start_IT                                  build/stm32f3xx_hal_dma.o
                                                  build/stm32f3xx_hal_i2c.o
                                                  build/stm32f3xx_hal_tim_ex.o
                                                  build/stm32f3xx_hal_tim.o
HAL_DMA_UnRegisterCallback                        build/stm32f3xx_hal_dma.o
HAL_DeInit                                        build/stm32f3xx_hal.o
HAL_Delay                                         build/stm32f3xx_hal.o
                                                  build/main.o
HAL_FLASHEx_Erase                                 build/stm32f3xx_hal_flash_ex.o
HAL_FLASHEx_Erase_IT                              build/stm32f3xx_hal_flash_ex.o
HAL_FLASHEx_OBErase                               build/stm32f3xx_hal_flash_ex.o
HAL_FLASHEx_OBGetConfig                           build/stm32f3xx_hal_flash_ex.o
HAL_FLASHEx_OBGetUserData                         build/stm32f3xx_hal_flash_ex.o
HAL_FLASHEx_OBProgram                             build/stm32f3xx_hal_flash_ex.o
HAL_FLASH_EndOfOperationCallback                  build/stm32f3xx_hal_flash.o
HAL_FLASH_GetError                                build/stm32f3xx_hal_flash.o
HAL_FLASH_IRQHandler                              build/stm32f3xx_hal_flash.o
HAL_FLASH_Lock                                    build/stm32f3xx_hal_flash.o
HAL_FLASH_OB_Launch                               build/stm32f3xx_hal_flash.o
HAL_FLASH_OB_Lock                                 build/stm32f3xx_hal_flash.o
HAL_FLASH_OB_Unlock                               build/stm32f3xx_hal_flash.o
HAL_FLASH_OperationErrorCallback                  build/stm32f3xx_hal_flash.o
HAL_FLASH_Program                                 build/stm32f3xx_hal_flash.o
HAL_FLASH_Program_IT                              build/stm32f3xx_hal_flash.o
HAL_FLASH_Unlock                                  build/stm32f3xx_hal_flash.o
HAL_GPIO_DeInit                                   build/stm32f3xx_hal_gpio.o
HAL_GPIO_EXTI_Callback                            build/stm32f3xx_hal_gpio.o
HAL_GPIO_EXTI_IRQHandler                          build/stm32f3xx_hal_gpio.o
HAL_GPIO_Init                                     build/stm32f3xx_hal_gpio.o
                                                  build/stm32f3xx_hal_rcc.o
                                                  build/tim.o
                                                  build/gpio.o
HAL_GPIO_LockPin                                  build/stm32f3xx_hal_gpio.o
HAL_GPIO_ReadPin                                  build/stm32f3xx_hal_gpio.o
HAL_GPIO_TogglePin                                build/stm32f3xx_hal_gpio.o
HAL_GPIO_WritePin                                 build/stm32f3xx_hal_gpio.o
                                                  build/gpio.o
                                                  build/main.o
HAL_GetDEVID                                      build/stm32f3xx_hal.o
HAL_GetHalVersion                                 build/stm32f3xx_hal.o
HAL_GetREVID                                      build/stm32f3xx_hal.o
HAL_GetTick                                       build/stm32f3xx_hal.o
                                                  build/stm32f3xx_hal_i2c.o
                                                  build/stm32f3xx_hal_flash.o
                                                  build/stm32f3xx_hal_dma.o
                                                  build/stm32f3xx_hal_rcc_ex.o
                                                  build/stm32f3xx_hal_rcc.o
HAL_GetTickFreq                                   build/stm32f3xx_hal.o
HAL_GetTickPrio                                   build/stm32f3xx_hal.o
HAL_GetUIDw0                                      build/stm32f3xx_hal.o
HAL_GetUIDw1                                      build/stm32f3xx_hal.o
HAL_GetUIDw2                                      build/stm32f3xx_hal.o
HAL_I2CEx_ConfigAnalogFilter                      build/stm32f3xx_hal_i2c_ex.o
HAL_I2CEx_ConfigDigitalFilter                     build/stm32f3xx_hal_i2c_ex.o
HAL_I2CEx_DisableFastModePlus                     build/stm32f3xx_hal_i2c_ex.o
HAL_I2CEx_DisableWakeUp                           build/stm32f3xx_hal_i2c_ex.o
HAL_I2CEx_EnableFastModePlus                      build/stm32f3xx_hal_i2c_ex.o
HAL_I2CEx_EnableWakeUp                            build/stm32f3xx_hal_i2c_ex.o
HAL_I2C_AbortCpltCallback                         build/stm32f3xx_hal_i2c.o
HAL_I2C_AddrCallback                              build/stm32f3xx_hal_i2c.o
HAL_I2C_DeInit                                    build/stm32f3xx_hal_i2c.o
HAL_I2C_DisableListen_IT                          build/stm32f3xx_hal_i2c.o
HAL_I2C_ER_IRQHandler                             build/stm32f3xx_hal_i2c.o
HAL_I2C_EV_IRQHandler                             build/stm32f3xx_hal_i2c.o
HAL_I2C_EnableListen_IT                           build/stm32f3xx_hal_i2c.o
HAL_I2C_ErrorCallback                             build/stm32f3xx_hal_i2c.o
HAL_I2C_GetError                                  build/stm32f3xx_hal_i2c.o
HAL_I2C_GetMode                                   build/stm32f3xx_hal_i2c.o
HAL_I2C_GetState                                  build/stm32f3xx_hal_i2c.o
HAL_I2C_Init                                      build/stm32f3xx_hal_i2c.o
HAL_I2C_IsDeviceReady                             build/stm32f3xx_hal_i2c.o
HAL_I2C_ListenCpltCallback                        build/stm32f3xx_hal_i2c.o
HAL_I2C_MasterRxCpltCallback                      build/stm32f3xx_hal_i2c.o
HAL_I2C_MasterTxCpltCallback                      build/stm32f3xx_hal_i2c.o
HAL_I2C_Master_Abort_IT                           build/stm32f3xx_hal_i2c.o
HAL_I2C_Master_Receive                            build/stm32f3xx_hal_i2c.o
HAL_I2C_Master_Receive_DMA                        build/stm32f3xx_hal_i2c.o
HAL_I2C_Master_Receive_IT                         build/stm32f3xx_hal_i2c.o
HAL_I2C_Master_Sequential_Receive_IT              build/stm32f3xx_hal_i2c.o
HAL_I2C_Master_Sequential_Transmit_IT             build/stm32f3xx_hal_i2c.o
HAL_I2C_Master_Transmit                           build/stm32f3xx_hal_i2c.o
HAL_I2C_Master_Transmit_DMA                       build/stm32f3xx_hal_i2c.o
HAL_I2C_Master_Transmit_IT                        build/stm32f3xx_hal_i2c.o
HAL_I2C_MemRxCpltCallback                         build/stm32f3xx_hal_i2c.o
HAL_I2C_MemTxCpltCallback                         build/stm32f3xx_hal_i2c.o
HAL_I2C_Mem_Read                                  build/stm32f3xx_hal_i2c.o
HAL_I2C_Mem_Read_DMA                              build/stm32f3xx_hal_i2c.o
HAL_I2C_Mem_Read_IT                               build/stm32f3xx_hal_i2c.o
HAL_I2C_Mem_Write                                 build/stm32f3xx_hal_i2c.o
HAL_I2C_Mem_Write_DMA                             build/stm32f3xx_hal_i2c.o
HAL_I2C_Mem_Write_IT                              build/stm32f3xx_hal_i2c.o
HAL_I2C_MspDeInit                                 build/stm32f3xx_hal_i2c.o
HAL_I2C_MspInit                                   build/stm32f3xx_hal_i2c.o
HAL_I2C_SlaveRxCpltCallback                       build/stm32f3xx_hal_i2c.o
HAL_I2C_SlaveTxCpltCallback                       build/stm32f3xx_hal_i2c.o
HAL_I2C_Slave_Receive                             build/stm32f3xx_hal_i2c.o
HAL_I2C_Slave_Receive_DMA                         build/stm32f3xx_hal_i2c.o
HAL_I2C_Slave_Receive_IT                          build/stm32f3xx_hal_i2c.o
HAL_I2C_Slave_Sequential_Receive_IT               build/stm32f3xx_hal_i2c.o
HAL_I2C_Slave_Sequential_Transmit_IT              build/stm32f3xx_hal_i2c.o
HAL_I2C_Slave_Transmit                            build/stm32f3xx_hal_i2c.o
HAL_I2C_Slave_Transmit_DMA                        build/stm32f3xx_hal_i2c.o
HAL_I2C_Slave_Transmit_IT                         build/stm32f3xx_hal_i2c.o
HAL_IncTick                                       build/stm32f3xx_hal.o
                                                  build/stm32f3xx_it.o
HAL_Init                                          build/stm32f3xx_hal.o
                                                  build/main.o
HAL_InitTick                                      build/stm32f3xx_hal.o
                                                  build/stm32f3xx_hal_rcc.o
HAL_MspDeInit                                     build/stm32f3xx_hal.o
HAL_MspInit                                       build/stm32f3xx_hal_msp.o
HAL_NVIC_ClearPendingIRQ                          build/stm32f3xx_hal_cortex.o
HAL_NVIC_DisableIRQ                               build/stm32f3xx_hal_cortex.o
HAL_NVIC_EnableIRQ                                build/stm32f3xx_hal_cortex.o
HAL_NVIC_GetActive                                build/stm32f3xx_hal_cortex.o
HAL_NVIC_GetPendingIRQ                            build/stm32f3xx_hal_cortex.o
HAL_NVIC_GetPriority                              build/stm32f3xx_hal_cortex.o
HAL_NVIC_GetPriorityGrouping                      build/stm32f3xx_hal_cortex.o
HAL_NVIC_SetPendingIRQ                            build/stm32f3xx_hal_cortex.o
HAL_NVIC_SetPriority                              build/stm32f3xx_hal_cortex.o
                                                  build/stm32f3xx_hal.o
HAL_NVIC_SetPriorityGrouping                      build/stm32f3xx_hal_cortex.o
                                                  build/stm32f3xx_hal.o
HAL_NVIC_SystemReset                              build/stm32f3xx_hal_cortex.o
HAL_PWR_ConfigPVD                                 build/stm32f3xx_hal_pwr_ex.o
HAL_PWR_DeInit                                    build/stm32f3xx_hal_pwr.o
HAL_PWR_DisableBkUpAccess                         build/stm32f3xx_hal_pwr.o
HAL_PWR_DisablePVD                                build/stm32f3xx_hal_pwr_ex.o
HAL_PWR_DisableSEVOnPend                          build/stm32f3xx_hal_pwr.o
HAL_PWR_DisableSleepOnExit                        build/stm32f3xx_hal_pwr.o
HAL_PWR_DisableWakeUpPin                          build/stm32f3xx_hal_pwr.o
HAL_PWR_EnableBkUpAccess                          build/stm32f3xx_hal_pwr.o
HAL_PWR_EnablePVD                                 build/stm32f3xx_hal_pwr_ex.o
HAL_PWR_EnableSEVOnPend                           build/stm32f3xx_hal_pwr.o
HAL_PWR_EnableSleepOnExit                         build/stm32f3xx_hal_pwr.o
HAL_PWR_EnableWakeUpPin                           build/stm32f3xx_hal_pwr.o
HAL_PWR_EnterSLEEPMode                            build/stm32f3xx_hal_pwr.o
HAL_PWR_EnterSTANDBYMode                          build/stm32f3xx_hal_pwr.o
HAL_PWR_EnterSTOPMode                             build/stm32f3xx_hal_pwr.o
HAL_PWR_PVDCallback                               build/stm32f3xx_hal_pwr_ex.o
HAL_PWR_PVD_IRQHandler                            build/stm32f3xx_hal_pwr_ex.o
HAL_RCCEx_GetPeriphCLKConfig                      build/stm32f3xx_hal_rcc_ex.o
HAL_RCCEx_GetPeriphCLKFreq                        build/stm32f3xx_hal_rcc_ex.o
HAL_RCCEx_PeriphCLKConfig                         build/stm32f3xx_hal_rcc_ex.o
HAL_RCC_CSSCallback                               build/stm32f3xx_hal_rcc.o
HAL_RCC_ClockConfig                               build/stm32f3xx_hal_rcc.o
                                                  build/main.o
HAL_RCC_DeInit                                    build/stm32f3xx_hal_rcc.o
HAL_RCC_DisableCSS                                build/stm32f3xx_hal_rcc.o
HAL_RCC_EnableCSS                                 build/stm32f3xx_hal_rcc.o
HAL_RCC_GetClockConfig                            build/stm32f3xx_hal_rcc.o
HAL_RCC_GetHCLKFreq                               build/stm32f3xx_hal_rcc.o
HAL_RCC_GetOscConfig                              build/stm32f3xx_hal_rcc.o
HAL_RCC_GetPCLK1Freq                              build/stm32f3xx_hal_rcc.o
                                                  build/stm32f3xx_hal_rcc_ex.o
HAL_RCC_GetPCLK2Freq                              build/stm32f3xx_hal_rcc.o
HAL_RCC_GetSysClockFreq                           build/stm32f3xx_hal_rcc.o
                                                  build/stm32f3xx_hal_rcc_ex.o
HAL_RCC_MCOConfig                                 build/stm32f3xx_hal_rcc.o
HAL_RCC_NMI_IRQHandler                            build/stm32f3xx_hal_rcc.o
HAL_RCC_OscConfig                                 build/stm32f3xx_hal_rcc.o
                                                  build/main.o
HAL_ResumeTick                                    build/stm32f3xx_hal.o
HAL_SYSTICK_CLKSourceConfig                       build/stm32f3xx_hal_cortex.o
HAL_SYSTICK_Callback                              build/stm32f3xx_hal_cortex.o
HAL_SYSTICK_Config                                build/stm32f3xx_hal_cortex.o
                                                  build/stm32f3xx_hal.o
HAL_SYSTICK_IRQHandler                            build/stm32f3xx_hal_cortex.o
HAL_SetTickFreq                                   build/stm32f3xx_hal.o
HAL_SuspendTick                                   build/stm32f3xx_hal.o
HAL_TIMEx_Break2Callback                          build/stm32f3xx_hal_tim_ex.o
                                                  build/stm32f3xx_hal_tim.o
HAL_TIMEx_BreakCallback                           build/stm32f3xx_hal_tim_ex.o
                                                  build/stm32f3xx_hal_tim.o
HAL_TIMEx_CommutationCallback                     build/stm32f3xx_hal_tim_ex.o
                                                  build/stm32f3xx_hal_tim.o
HAL_TIMEx_ConfigBreakDeadTime                     build/stm32f3xx_hal_tim_ex.o
HAL_TIMEx_ConfigCommutationEvent                  build/stm32f3xx_hal_tim_ex.o
HAL_TIMEx_ConfigCommutationEvent_DMA              build/stm32f3xx_hal_tim_ex.o
HAL_TIMEx_ConfigCommutationEvent_IT               build/stm32f3xx_hal_tim_ex.o
HAL_TIMEx_GroupChannel5                           build/stm32f3xx_hal_tim_ex.o
HAL_TIMEx_HallSensor_DeInit                       build/stm32f3xx_hal_tim_ex.o
HAL_TIMEx_HallSensor_GetState                     build/stm32f3xx_hal_tim_ex.o
HAL_TIMEx_HallSensor_Init                         build/stm32f3xx_hal_tim_ex.o
HAL_TIMEx_HallSensor_MspDeInit                    build/stm32f3xx_hal_tim_ex.o
HAL_TIMEx_HallSensor_MspInit                      build/stm32f3xx_hal_tim_ex.o
HAL_TIMEx_HallSensor_Start                        build/stm32f3xx_hal_tim_ex.o
HAL_TIMEx_HallSensor_Start_DMA                    build/stm32f3xx_hal_tim_ex.o
HAL_TIMEx_HallSensor_Start_IT                     build/stm32f3xx_hal_tim_ex.o
HAL_TIMEx_HallSensor_Stop                         build/stm32f3xx_hal_tim_ex.o
HAL_TIMEx_HallSensor_Stop_DMA                     build/stm32f3xx_hal_tim_ex.o
HAL_TIMEx_HallSensor_Stop_IT                      build/stm32f3xx_hal_tim_ex.o
HAL_TIMEx_MasterConfigSynchronization             build/stm32f3xx_hal_tim_ex.o
                                                  build/tim.o
HAL_TIMEx_OCN_Start                               build/stm32f3xx_hal_tim_ex.o
HAL_TIMEx_OCN_Start_DMA                           build/stm32f3xx_hal_tim_ex.o
HAL_TIMEx_OCN_Start_IT                            build/stm32f3xx_hal_tim_ex.o
HAL_TIMEx_OCN_Stop                                build/stm32f3xx_hal_tim_ex.o
HAL_TIMEx_OCN_Stop_DMA                            build/stm32f3xx_hal_tim_ex.o
HAL_TIMEx_OCN_Stop_IT                             build/stm32f3xx_hal_tim_ex.o
HAL_TIMEx_OnePulseN_Start                         build/stm32f3xx_hal_tim_ex.o
HAL_TIMEx_OnePulseN_Start_IT                      build/stm32f3xx_hal_tim_ex.o
HAL_TIMEx_OnePulseN_Stop                          build/stm32f3xx_hal_tim_ex.o
HAL_TIMEx_OnePulseN_Stop_IT                       build/stm32f3xx_hal_tim_ex.o
HAL_TIMEx_PWMN_Start                              build/stm32f3xx_hal_tim_ex.o
HAL_TIMEx_PWMN_Start_DMA                          build/stm32f3xx_hal_tim_ex.o
HAL_TIMEx_PWMN_Start_IT                           build/stm32f3xx_hal_tim_ex.o
HAL_TIMEx_PWMN_Stop                               build/stm32f3xx_hal_tim_ex.o
HAL_TIMEx_PWMN_Stop_DMA                           build/stm32f3xx_hal_tim_ex.o
HAL_TIMEx_PWMN_Stop_IT                            build/stm32f3xx_hal_tim_ex.o
HAL_TIMEx_RemapConfig                             build/stm32f3xx_hal_tim_ex.o
HAL_TIM_Base_DeInit                               build/stm32f3xx_hal_tim.o
HAL_TIM_Base_GetState                             build/stm32f3xx_hal_tim.o
HAL_TIM_Base_Init                                 build/stm32f3xx_hal_tim.o
                                                  build/tim.o
HAL_TIM_Base_MspDeInit                            build/tim.o
HAL_TIM_Base_MspInit                              build/tim.o
HAL_TIM_Base_Start                                build/stm32f3xx_hal_tim.o
HAL_TIM_Base_Start_DMA                            build/stm32f3xx_hal_tim.o
HAL_TIM_Base_Start_IT                             build/stm32f3xx_hal_tim.o
HAL_TIM_Base_Stop                                 build/stm32f3xx_hal_tim.o
HAL_TIM_Base_Stop_DMA                             build/stm32f3xx_hal_tim.o
HAL_TIM_Base_Stop_IT                              build/stm32f3xx_hal_tim.o
HAL_TIM_ConfigClockSource                         build/stm32f3xx_hal_tim.o
                                                  build/tim.o
HAL_TIM_ConfigOCrefClear                          build/stm32f3xx_hal_tim_ex.o
                                                  build/stm32f3xx_hal_tim.o
HAL_TIM_ConfigTI1Input                            build/stm32f3xx_hal_tim.o
HAL_TIM_DMABurst_MultiReadStart                   build/stm32f3xx_hal_tim.o
HAL_TIM_DMABurst_MultiWriteStart                  build/stm32f3xx_hal_tim.o
HAL_TIM_DMABurst_ReadStart                        build/stm32f3xx_hal_tim.o
HAL_TIM_DMABurst_ReadStop                         build/stm32f3xx_hal_tim.o
HAL_TIM_DMABurst_WriteStart                       build/stm32f3xx_hal_tim.o
HAL_TIM_DMABurst_WriteStop                        build/stm32f3xx_hal_tim.o
HAL_TIM_Encoder_DeInit                            build/stm32f3xx_hal_tim.o
HAL_TIM_Encoder_GetState                          build/stm32f3xx_hal_tim.o
HAL_TIM_Encoder_Init                              build/stm32f3xx_hal_tim.o
HAL_TIM_Encoder_MspDeInit                         build/stm32f3xx_hal_tim.o
HAL_TIM_Encoder_MspInit                           build/stm32f3xx_hal_tim.o
HAL_TIM_Encoder_Start                             build/stm32f3xx_hal_tim.o
HAL_TIM_Encoder_Start_DMA                         build/stm32f3xx_hal_tim.o
HAL_TIM_Encoder_Start_IT                          build/stm32f3xx_hal_tim.o
HAL_TIM_Encoder_Stop                              build/stm32f3xx_hal_tim.o
HAL_TIM_Encoder_Stop_DMA                          build/stm32f3xx_hal_tim.o
HAL_TIM_Encoder_Stop_IT                           build/stm32f3xx_hal_tim.o
HAL_TIM_ErrorCallback                             build/stm32f3xx_hal_tim.o
HAL_TIM_GenerateEvent                             build/stm32f3xx_hal_tim.o
HAL_TIM_IC_CaptureCallback                        build/stm32f3xx_hal_tim.o
HAL_TIM_IC_ConfigChannel                          build/stm32f3xx_hal_tim.o
HAL_TIM_IC_DeInit                                 build/stm32f3xx_hal_tim.o
HAL_TIM_IC_GetState                               build/stm32f3xx_hal_tim.o
HAL_TIM_IC_Init                                   build/stm32f3xx_hal_tim.o
HAL_TIM_IC_MspDeInit                              build/stm32f3xx_hal_tim.o
HAL_TIM_IC_MspInit                                build/stm32f3xx_hal_tim.o
HAL_TIM_IC_Start                                  build/stm32f3xx_hal_tim.o
HAL_TIM_IC_Start_DMA                              build/stm32f3xx_hal_tim.o
HAL_TIM_IC_Start_IT                               build/stm32f3xx_hal_tim.o
HAL_TIM_IC_Stop                                   build/stm32f3xx_hal_tim.o
HAL_TIM_IC_Stop_DMA                               build/stm32f3xx_hal_tim.o
HAL_TIM_IC_Stop_IT                                build/stm32f3xx_hal_tim.o
HAL_TIM_IRQHandler                                build/stm32f3xx_hal_tim.o
HAL_TIM_MspPostInit                               build/tim.o
HAL_TIM_OC_ConfigChannel                          build/stm32f3xx_hal_tim_ex.o
                                                  build/stm32f3xx_hal_tim.o
HAL_TIM_OC_DeInit                                 build/stm32f3xx_hal_tim.o
HAL_TIM_OC_DelayElapsedCallback                   build/stm32f3xx_hal_tim.o
HAL_TIM_OC_GetState                               build/stm32f3xx_hal_tim.o
HAL_TIM_OC_Init                                   build/stm32f3xx_hal_tim.o
HAL_TIM_OC_MspDeInit                              build/stm32f3xx_hal_tim.o
HAL_TIM_OC_MspInit                                build/stm32f3xx_hal_tim.o
HAL_TIM_OC_Start                                  build/stm32f3xx_hal_tim.o
HAL_TIM_OC_Start_DMA                              build/stm32f3xx_hal_tim.o
HAL_TIM_OC_Start_IT                               build/stm32f3xx_hal_tim.o
HAL_TIM_OC_Stop                                   build/stm32f3xx_hal_tim.o
HAL_TIM_OC_Stop_DMA                               build/stm32f3xx_hal_tim.o
HAL_TIM_OC_Stop_IT                                build/stm32f3xx_hal_tim.o
HAL_TIM_OnePulse_ConfigChannel                    build/stm32f3xx_hal_tim.o
HAL_TIM_OnePulse_DeInit                           build/stm32f3xx_hal_tim.o
HAL_TIM_OnePulse_GetState                         build/stm32f3xx_hal_tim.o
HAL_TIM_OnePulse_Init                             build/stm32f3xx_hal_tim.o
HAL_TIM_OnePulse_MspDeInit                        build/stm32f3xx_hal_tim.o
HAL_TIM_OnePulse_MspInit                          build/stm32f3xx_hal_tim.o
HAL_TIM_OnePulse_Start                            build/stm32f3xx_hal_tim.o
HAL_TIM_OnePulse_Start_IT                         build/stm32f3xx_hal_tim.o
HAL_TIM_OnePulse_Stop                             build/stm32f3xx_hal_tim.o
HAL_TIM_OnePulse_Stop_IT                          build/stm32f3xx_hal_tim.o
HAL_TIM_PWM_ConfigChannel                         build/stm32f3xx_hal_tim_ex.o
                                                  build/stm32f3xx_hal_tim.o
                                                  build/tim.o
HAL_TIM_PWM_DeInit                                build/stm32f3xx_hal_tim.o
HAL_TIM_PWM_GetState                              build/stm32f3xx_hal_tim.o
HAL_TIM_PWM_Init                                  build/stm32f3xx_hal_tim.o
                                                  build/tim.o
HAL_TIM_PWM_MspDeInit                             build/stm32f3xx_hal_tim.o
HAL_TIM_PWM_MspInit                               build/stm32f3xx_hal_tim.o
HAL_TIM_PWM_PulseFinishedCallback                 build/stm32f3xx_hal_tim.o
HAL_TIM_PWM_Start                                 build/stm32f3xx_hal_tim.o
HAL_TIM_PWM_Start_DMA                             build/stm32f3xx_hal_tim.o
HAL_TIM_PWM_Start_IT                              build/stm32f3xx_hal_tim.o
HAL_TIM_PWM_Stop                                  build/stm32f3xx_hal_tim.o
HAL_TIM_PWM_Stop_DMA                              build/stm32f3xx_hal_tim.o
HAL_TIM_PWM_Stop_IT                               build/stm32f3xx_hal_tim.o
HAL_TIM_PeriodElapsedCallback                     build/stm32f3xx_hal_tim.o
HAL_TIM_ReadCapturedValue                         build/stm32f3xx_hal_tim.o
HAL_TIM_SlaveConfigSynchronization                build/stm32f3xx_hal_tim.o
HAL_TIM_SlaveConfigSynchronization_IT             build/stm32f3xx_hal_tim.o
HAL_TIM_TriggerCallback                           build/stm32f3xx_hal_tim.o
HardFault_Handler                                 build/stm32f3xx_it.o
I2C1_ER_IRQHandler                                build/startup_stm32f303x8.o
I2C1_EV_IRQHandler                                build/startup_stm32f303x8.o
MX_GPIO_Init                                      build/gpio.o
                                                  build/main.o
MX_TIM2_Init                                      build/tim.o
                                                  build/main.o
MemManage_Handler                                 build/stm32f3xx_it.o
NMI_Handler                                       build/stm32f3xx_it.o
PVD_IRQHandler                                    build/startup_stm32f303x8.o
PendSV_Handler                                    build/stm32f3xx_it.o
RCC_IRQHandler                                    build/startup_stm32f303x8.o
RTC_Alarm_IRQHandler                              build/startup_stm32f303x8.o
RTC_WKUP_IRQHandler                               build/startup_stm32f303x8.o
Reset_Handler                                     build/startup_stm32f303x8.o
SPI1_IRQHandler                                   build/startup_stm32f303x8.o
SVC_Handler                                       build/stm32f3xx_it.o
SysTick_Handler                                   build/stm32f3xx_it.o
SystemClock_Config                                build/main.o
SystemCoreClock                                   build/system_stm32f3xx.o
                                                  build/stm32f3xx_hal_rcc_ex.o
                                                  build/stm32f3xx_hal_rcc.o
                                                  build/stm32f3xx_hal.o
SystemCoreClockUpdate                             build/system_stm32f3xx.o
SystemInit                                        build/system_stm32f3xx.o
                                                  build/startup_stm32f303x8.o
TAMP_STAMP_IRQHandler                             build/startup_stm32f303x8.o
TIM1_BRK_TIM15_IRQHandler                         build/startup_stm32f303x8.o
TIM1_CC_IRQHandler                                build/startup_stm32f303x8.o
TIM1_TRG_COM_TIM17_IRQHandler                     build/startup_stm32f303x8.o
TIM1_UP_TIM16_IRQHandler                          build/startup_stm32f303x8.o
TIM2_IRQHandler                                   build/startup_stm32f303x8.o
TIM3_IRQHandler                                   build/startup_stm32f303x8.o
TIM6_DAC1_IRQHandler                              build/startup_stm32f303x8.o
TIM7_DAC2_IRQHandler                              build/startup_stm32f303x8.o
TIMEx_DMACommutationCplt                          build/stm32f3xx_hal_tim_ex.o
                                                  build/stm32f3xx_hal_tim.o
TIM_Base_SetConfig                                build/stm32f3xx_hal_tim.o
                                                  build/stm32f3xx_hal_tim_ex.o
TIM_CCxChannelCmd                                 build/stm32f3xx_hal_tim.o
                                                  build/stm32f3xx_hal_tim_ex.o
TIM_DMACaptureCplt                                build/stm32f3xx_hal_tim.o
                                                  build/stm32f3xx_hal_tim_ex.o
TIM_DMADelayPulseCplt                             build/stm32f3xx_hal_tim.o
                                                  build/stm32f3xx_hal_tim_ex.o
TIM_DMAError                                      build/stm32f3xx_hal_tim.o
                                                  build/stm32f3xx_hal_tim_ex.o
TIM_ETR_SetConfig                                 build/stm32f3xx_hal_tim.o
                                                  build/stm32f3xx_hal_tim_ex.o
TIM_OC1_SetConfig                                 build/stm32f3xx_hal_tim.o
                                                  build/stm32f3xx_hal_tim_ex.o
TIM_OC2_SetConfig                                 build/stm32f3xx_hal_tim.o
                                                  build/stm32f3xx_hal_tim_ex.o
TIM_OC3_SetConfig                                 build/stm32f3xx_hal_tim.o
                                                  build/stm32f3xx_hal_tim_ex.o
TIM_OC4_SetConfig                                 build/stm32f3xx_hal_tim.o
                                                  build/stm32f3xx_hal_tim_ex.o
TIM_TI1_SetConfig                                 build/stm32f3xx_hal_tim.o
                                                  build/stm32f3xx_hal_tim_ex.o
USART1_IRQHandler                                 build/startup_stm32f303x8.o
USART2_IRQHandler                                 build/startup_stm32f303x8.o
USART3_IRQHandler                                 build/startup_stm32f303x8.o
UsageFault_Handler                                build/stm32f3xx_it.o
WWDG_IRQHandler                                   build/startup_stm32f303x8.o
__bss_end__                                       /usr/local/Cellar/arm-gcc-bin/8-2019-q3-update/bin/../lib/gcc/arm-none-eabi/8.3.1/../../../../arm-none-eabi/lib/thumb/v7e-m+fp/hard/crt0.o
__bss_start__                                     /usr/local/Cellar/arm-gcc-bin/8-2019-q3-update/bin/../lib/gcc/arm-none-eabi/8.3.1/../../../../arm-none-eabi/lib/thumb/v7e-m+fp/hard/crt0.o
__call_exitprocs                                  /usr/local/Cellar/arm-gcc-bin/8-2019-q3-update/bin/../lib/gcc/arm-none-eabi/8.3.1/../../../../arm-none-eabi/lib/thumb/v7e-m+fp/hard/libc_nano.a(lib_a-exit.o)
__deregister_frame_info                           /usr/local/Cellar/arm-gcc-bin/8-2019-q3-update/bin/../lib/gcc/arm-none-eabi/8.3.1/thumb/v7e-m+fp/hard/crtbegin.o
__dso_handle                                      /usr/local/Cellar/arm-gcc-bin/8-2019-q3-update/bin/../lib/gcc/arm-none-eabi/8.3.1/thumb/v7e-m+fp/hard/crtbegin.o
__init_array_end                                  /usr/local/Cellar/arm-gcc-bin/8-2019-q3-update/bin/../lib/gcc/arm-none-eabi/8.3.1/../../../../arm-none-eabi/lib/thumb/v7e-m+fp/hard/libc_nano.a(lib_a-init.o)
__init_array_start                                /usr/local/Cellar/arm-gcc-bin/8-2019-q3-update/bin/../lib/gcc/arm-none-eabi/8.3.1/../../../../arm-none-eabi/lib/thumb/v7e-m+fp/hard/libc_nano.a(lib_a-init.o)
__libc_fini_array                                 /usr/local/Cellar/arm-gcc-bin/8-2019-q3-update/bin/../lib/gcc/arm-none-eabi/8.3.1/../../../../arm-none-eabi/lib/thumb/v7e-m+fp/hard/crt0.o
__libc_init_array                                 /usr/local/Cellar/arm-gcc-bin/8-2019-q3-update/bin/../lib/gcc/arm-none-eabi/8.3.1/../../../../arm-none-eabi/lib/thumb/v7e-m+fp/hard/libc_nano.a(lib_a-init.o)
                                                  build/startup_stm32f303x8.o
                                                  /usr/local/Cellar/arm-gcc-bin/8-2019-q3-update/bin/../lib/gcc/arm-none-eabi/8.3.1/../../../../arm-none-eabi/lib/thumb/v7e-m+fp/hard/crt0.o
__preinit_array_end                               /usr/local/Cellar/arm-gcc-bin/8-2019-q3-update/bin/../lib/gcc/arm-none-eabi/8.3.1/../../../../arm-none-eabi/lib/thumb/v7e-m+fp/hard/libc_nano.a(lib_a-init.o)
__preinit_array_start                             /usr/local/Cellar/arm-gcc-bin/8-2019-q3-update/bin/../lib/gcc/arm-none-eabi/8.3.1/../../../../arm-none-eabi/lib/thumb/v7e-m+fp/hard/libc_nano.a(lib_a-init.o)
__register_frame_info                             /usr/local/Cellar/arm-gcc-bin/8-2019-q3-update/bin/../lib/gcc/arm-none-eabi/8.3.1/thumb/v7e-m+fp/hard/crtbegin.o
__sf_fake_stderr                                  /usr/local/Cellar/arm-gcc-bin/8-2019-q3-update/bin/../lib/gcc/arm-none-eabi/8.3.1/../../../../arm-none-eabi/lib/thumb/v7e-m+fp/hard/libc_nano.a(lib_a-impure.o)
__sf_fake_stdin                                   /usr/local/Cellar/arm-gcc-bin/8-2019-q3-update/bin/../lib/gcc/arm-none-eabi/8.3.1/../../../../arm-none-eabi/lib/thumb/v7e-m+fp/hard/libc_nano.a(lib_a-impure.o)
__sf_fake_stdout                                  /usr/local/Cellar/arm-gcc-bin/8-2019-q3-update/bin/../lib/gcc/arm-none-eabi/8.3.1/../../../../arm-none-eabi/lib/thumb/v7e-m+fp/hard/libc_nano.a(lib_a-impure.o)
__stack                                           /usr/local/Cellar/arm-gcc-bin/8-2019-q3-update/bin/../lib/gcc/arm-none-eabi/8.3.1/../../../../arm-none-eabi/lib/thumb/v7e-m+fp/hard/crt0.o
_ebss                                             build/startup_stm32f303x8.o
_edata                                            build/startup_stm32f303x8.o
_estack                                           build/startup_stm32f303x8.o
_exit                                             /usr/local/Cellar/arm-gcc-bin/8-2019-q3-update/bin/../lib/gcc/arm-none-eabi/8.3.1/../../../../arm-none-eabi/lib/thumb/v7e-m+fp/hard/libnosys.a(_exit.o)
                                                  /usr/local/Cellar/arm-gcc-bin/8-2019-q3-update/bin/../lib/gcc/arm-none-eabi/8.3.1/../../../../arm-none-eabi/lib/thumb/v7e-m+fp/hard/libc_nano.a(lib_a-exit.o)
_fini                                             /usr/local/Cellar/arm-gcc-bin/8-2019-q3-update/bin/../lib/gcc/arm-none-eabi/8.3.1/thumb/v7e-m+fp/hard/crti.o
_global_impure_ptr                                /usr/local/Cellar/arm-gcc-bin/8-2019-q3-update/bin/../lib/gcc/arm-none-eabi/8.3.1/../../../../arm-none-eabi/lib/thumb/v7e-m+fp/hard/libc_nano.a(lib_a-impure.o)
                                                  /usr/local/Cellar/arm-gcc-bin/8-2019-q3-update/bin/../lib/gcc/arm-none-eabi/8.3.1/../../../../arm-none-eabi/lib/thumb/v7e-m+fp/hard/libc_nano.a(lib_a-exit.o)
_impure_ptr                                       /usr/local/Cellar/arm-gcc-bin/8-2019-q3-update/bin/../lib/gcc/arm-none-eabi/8.3.1/../../../../arm-none-eabi/lib/thumb/v7e-m+fp/hard/libc_nano.a(lib_a-impure.o)
_init                                             /usr/local/Cellar/arm-gcc-bin/8-2019-q3-update/bin/../lib/gcc/arm-none-eabi/8.3.1/thumb/v7e-m+fp/hard/crti.o
                                                  /usr/local/Cellar/arm-gcc-bin/8-2019-q3-update/bin/../lib/gcc/arm-none-eabi/8.3.1/../../../../arm-none-eabi/lib/thumb/v7e-m+fp/hard/libc_nano.a(lib_a-init.o)
_mainCRTStartup                                   /usr/local/Cellar/arm-gcc-bin/8-2019-q3-update/bin/../lib/gcc/arm-none-eabi/8.3.1/../../../../arm-none-eabi/lib/thumb/v7e-m+fp/hard/crt0.o
_sbss                                             build/startup_stm32f303x8.o
_sdata                                            build/startup_stm32f303x8.o
_sidata                                           build/startup_stm32f303x8.o
_start                                            /usr/local/Cellar/arm-gcc-bin/8-2019-q3-update/bin/../lib/gcc/arm-none-eabi/8.3.1/../../../../arm-none-eabi/lib/thumb/v7e-m+fp/hard/crt0.o
aPLLMULFactorTable                                build/stm32f3xx_hal_rcc.o
aPredivFactorTable                                build/stm32f3xx_hal_rcc.o
atexit                                            /usr/local/Cellar/arm-gcc-bin/8-2019-q3-update/bin/../lib/gcc/arm-none-eabi/8.3.1/../../../../arm-none-eabi/lib/thumb/v7e-m+fp/hard/crt0.o
exit                                              /usr/local/Cellar/arm-gcc-bin/8-2019-q3-update/bin/../lib/gcc/arm-none-eabi/8.3.1/../../../../arm-none-eabi/lib/thumb/v7e-m+fp/hard/libc_nano.a(lib_a-exit.o)
                                                  /usr/local/Cellar/arm-gcc-bin/8-2019-q3-update/bin/../lib/gcc/arm-none-eabi/8.3.1/../../../../arm-none-eabi/lib/thumb/v7e-m+fp/hard/crt0.o
g_pfnVectors                                      build/startup_stm32f303x8.o
hardware_init_hook                                /usr/local/Cellar/arm-gcc-bin/8-2019-q3-update/bin/../lib/gcc/arm-none-eabi/8.3.1/../../../../arm-none-eabi/lib/thumb/v7e-m+fp/hard/crt0.o
htim2                                             build/tim.o
main                                              build/main.o
                                                  build/startup_stm32f303x8.o
                                                  /usr/local/Cellar/arm-gcc-bin/8-2019-q3-update/bin/../lib/gcc/arm-none-eabi/8.3.1/../../../../arm-none-eabi/lib/thumb/v7e-m+fp/hard/crt0.o
memset                                            /usr/local/Cellar/arm-gcc-bin/8-2019-q3-update/bin/../lib/gcc/arm-none-eabi/8.3.1/../../../../arm-none-eabi/lib/thumb/v7e-m+fp/hard/libc_nano.a(lib_a-memset.o)
                                                  build/main.o
                                                  /usr/local/Cellar/arm-gcc-bin/8-2019-q3-update/bin/../lib/gcc/arm-none-eabi/8.3.1/../../../../arm-none-eabi/lib/thumb/v7e-m+fp/hard/crt0.o
pFlash                                            build/stm32f3xx_hal_flash.o
                                                  build/stm32f3xx_hal_flash_ex.o
software_init_hook                                /usr/local/Cellar/arm-gcc-bin/8-2019-q3-update/bin/../lib/gcc/arm-none-eabi/8.3.1/../../../../arm-none-eabi/lib/thumb/v7e-m+fp/hard/crt0.o
uwTick                                            build/stm32f3xx_hal.o
uwTickFreq                                        build/stm32f3xx_hal.o
uwTickPrio                                        build/stm32f3xx_hal.o
